2026-08-22 23:37:03 第1轮 第1遍 第1个 放置数字3（已放置顺序: 3）
2026-08-22 23:41:53 第1轮 第1遍 第1个 放置数字2（已放置顺序: 2）
2026-08-22 23:44:34 第1轮 第1遍 第1个 放置数字2（已放置顺序: 2）
2026-08-22 23:44:56 第1轮 第1遍 第2个 放置数字1（已放置顺序: 2,1）
2026-08-22 23:45:10 第1轮 第1遍 第3个 放置数字3（已放置顺序: 2,1,3）
2026-08-22 23:45:10 第1轮 第1遍 托盘阶段：倒序抓取=3,1,2，对应托盘=3,1,2
2026-08-22 23:45:12 第1轮 第1遍 托盘阶段 发送 target=3
2026-08-22 23:47:37 第1轮 第1遍 第1个 放置数字2（已放置顺序: 2）
2026-08-22 23:47:50 第1轮 第1遍 第2个 放置数字1（已放置顺序: 2,1）
2026-08-22 23:48:04 第1轮 第1遍 第3个 放置数字3（已放置顺序: 2,1,3）
2026-08-22 23:48:04 第1轮 第1遍 托盘阶段：倒序抓取=3,1,2，对应托盘=3,1,2
2026-08-22 23:48:06 第1轮 第1遍 托盘阶段 发送 target=3
2026-08-22 23:51:13 第1轮 第1遍 第1个 放置数字2（已放置顺序: 2）
2026-08-22 23:51:27 第1轮 第1遍 第2个 放置数字1（已放置顺序: 2,1）
2026-08-22 23:51:42 第1轮 第1遍 第3个 放置数字3（已放置顺序: 2,1,3）
2026-08-22 23:51:42 第1轮 第1遍 托盘阶段：倒序抓取=3,1,2，对应托盘=3,1,2
2026-08-22 23:51:44 第1轮 第1遍 托盘阶段 发送 target=3
2026-08-23 00:06:50 第1轮 第1遍 第1个 放置数字2（已放置顺序: 2）
2026-08-23 00:07:24 第1轮 第1遍 第2个 放置数字1（已放置顺序: 2,1）
2026-08-23 00:07:45 第1轮 第1遍 第3个 放置数字3（已放置顺序: 2,1,3）
2026-08-23 00:07:45 第1轮 第1遍 托盘阶段：倒序抓取=3,1,2，对应托盘=3,1,2
2026-08-23 00:07:46 第1轮 第1遍 托盘阶段 发送 target=3
2026-08-23 00:13:44 第1轮 第1遍 第1个 放置数字2（已放置顺序: 2）
2026-08-23 00:14:06 第1轮 第1遍 第2个 放置数字1（已放置顺序: 2,1）
2026-08-23 00:14:21 第1轮 第1遍 第3个 放置数字3（已放置顺序: 2,1,3）
2026-08-23 00:14:21 第1轮 第1遍 托盘阶段：倒序抓取=3,1,2，对应托盘=3,1,2
2026-08-23 00:14:23 第1轮 第1遍 托盘阶段 发送 target=3
2026-08-23 00:20:33 第1轮 第1遍 第1个 放置数字2（已放置顺序: 2）
2026-08-23 00:20:46 第1轮 第1遍 第2个 放置数字1（已放置顺序: 2,1）
2026-08-23 00:21:01 第1轮 第1遍 第3个 放置数字3（已放置顺序: 2,1,3）
2026-08-23 00:21:01 第1轮 第1遍 托盘阶段：倒序抓取=3,1,2，对应托盘=3,1,2
2026-08-23 00:21:03 第1轮 第1遍 托盘阶段 发送 target=3
2026-08-23 00:49:17 第1轮 第1遍 第1个 放置数字3（已放置顺序: 3）
2026-08-23 00:49:32 第1轮 第1遍 第2个 放置数字2（已放置顺序: 3,2）
2026-08-23 00:49:47 第1轮 第1遍 第3个 放置数字1（已放置顺序: 3,2,1）
2026-08-23 00:49:47 第1轮 第1遍 托盘阶段：倒序抓取=1,2,3，对应托盘=1,2,3
2026-08-23 00:49:48 第1轮 第1遍 托盘阶段 发送 target=1
2026-08-23 00:50:04 第1轮 第1遍 托盘阶段 发送 target=2
2026-08-23 00:50:19 第1轮 第1遍 托盘阶段 发送 target=3
2026-08-23 00:50:32 第1轮 第1遍 完成 期望顺序=1,2,3 实际顺序=3,2,1
2026-08-23 01:00:38 第1轮 第1遍 第1个 放置数字2（已放置顺序: 2）
2026-08-23 01:01:27 第1轮 第1遍 第2个 放置数字1（已放置顺序: 2,1）
2026-08-23 01:02:17 第1轮 第1遍 第3个 放置数字3（已放置顺序: 2,1,3）
2026-08-23 01:02:17 第1轮 第1遍 托盘阶段：倒序抓取=3,1,2，对应托盘=3,1,2
2026-08-23 01:02:18 第1轮 第1遍 托盘阶段 目标托盘=3 颜色=3
2026-08-23 01:02:19 第1轮 第1遍 完成 期望顺序=1,2,3 实际顺序=2,1,3
2026-08-23 01:09:14 第1轮 第1遍 第1个 放置数字2（已放置顺序: 2）
2026-08-23 01:09:58 第1轮 第1遍 第2个 放置数字1（已放置顺序: 2,1）
2026-08-23 01:10:16 第1轮 第1遍 第3个 放置数字3（已放置顺序: 2,1,3）
2026-08-23 01:10:16 第1轮 第1遍 托盘阶段：实际顺序抓取=2,1,3，对应托盘=2,1,3
2026-08-23 01:10:18 第1轮 第1遍 托盘阶段 目标托盘=2 颜色=1
2026-08-23 01:15:44 第1轮 第1遍 第1个 放置数字2（已放置顺序: 2）
2026-08-23 01:17:06 第1轮 第1遍 第2个 放置数字1（已放置顺序: 2,1）
2026-08-23 01:17:43 第1轮 第1遍 第3个 放置数字3（已放置顺序: 2,1,3）
2026-08-23 01:17:43 第1轮 第1遍 托盘阶段：实际顺序抓取=2,1,3，对应托盘=2,1,3
2026-08-23 01:17:44 第1轮 第1遍 托盘阶段 目标托盘=2 颜色=1
2026-08-23 01:19:34 第1轮 第1遍 第1个 放置数字2（已放置顺序: 2）
2026-08-23 01:21:32 第1轮 第1遍 第2个 放置数字1（已放置顺序: 2,1）
2026-08-23 01:22:12 第1轮 第1遍 第3个 放置数字3（已放置顺序: 2,1,3）
2026-08-23 01:22:12 第1轮 第1遍 托盘阶段：倒序抓取=3,1,2，对应托盘=3,1,2
2026-08-23 01:22:14 第1轮 第1遍 托盘阶段 目标托盘=3 颜色=3
2026-08-23 01:22:14 第1轮 第1遍 完成 期望顺序=1,2,3 实际顺序=2,1,3
2026-08-23 01:23:57 第1轮 第1遍 第1个 放置数字3（已放置顺序: 3）
2026-08-23 01:24:13 第1轮 第1遍 第2个 放置数字2（已放置顺序: 3,2）
2026-08-23 01:24:46 第1轮 第1遍 第3个 放置数字1（已放置顺序: 3,2,1）
2026-08-23 01:24:46 第1轮 第1遍 托盘阶段：倒序抓取=1,2,3，对应托盘=1,2,3
2026-08-23 01:24:48 第1轮 第1遍 托盘阶段 目标托盘=1 颜色=2
2026-08-23 01:28:12 第1轮 第1遍 第1个 放置数字2（已放置顺序: 2）
2026-08-23 01:32:58 第1轮 第1遍 第1个 放置数字2（已放置顺序: 2）
2026-08-23 01:33:13 第1轮 第1遍 第2个 放置数字1（已放置顺序: 2,1）
2026-08-23 01:33:29 第1轮 第1遍 第3个 放置数字3（已放置顺序: 2,1,3）
2026-08-23 01:33:29 第1轮 第1遍 托盘阶段：倒序抓取=3,1,2，对应托盘=3,1,2
2026-08-23 01:33:31 第1轮 第1遍 托盘阶段 目标托盘=3 颜色=3
2026-08-23 01:33:31 第1轮 第1遍 完成 期望顺序=1,2,3 实际顺序=2,1,3
2026-08-23 01:37:17 第1轮 第1遍 第1个 放置数字2（已放置顺序: 2）
2026-08-23 01:39:14 第1轮 第1遍 第1个 放置数字2（已放置顺序: 2）
2026-08-23 01:39:29 第1轮 第1遍 第2个 放置数字1（已放置顺序: 2,1）
2026-08-23 01:39:45 第1轮 第1遍 第3个 放置数字3（已放置顺序: 2,1,3）
2026-08-23 01:39:45 第1轮 第1遍 托盘阶段：倒序抓取=3,1,2，对应托盘=3,1,2
2026-08-23 01:39:46 第1轮 第1遍 托盘阶段 目标托盘=3 颜色=3
2026-08-23 01:39:47 第1轮 第1遍 完成 期望顺序=1,2,3 实际顺序=2,1,3
2026-08-23 01:48:43 第1轮 第1遍 第1个 放置数字2（已放置顺序: 2）
2026-08-23 01:49:06 第1轮 第1遍 第2个 放置数字1（已放置顺序: 2,1）
2026-08-23 01:49:22 第1轮 第1遍 第3个 放置数字3（已放置顺序: 2,1,3）
2026-08-23 01:49:22 第1轮 第1遍 托盘阶段：倒序抓取=3,1,2，对应托盘=3,1,2
2026-08-23 01:49:24 第1轮 第1遍 托盘阶段 目标托盘=3 颜色=3
2026-08-23 01:49:24 第1轮 第1遍 完成 期望顺序=1,2,3 实际顺序=2,1,3
2026-08-23 01:54:25 第1轮 第1遍 第1个 放置数字2（已放置顺序: 2）
2026-08-23 01:54:40 第1轮 第1遍 第2个 放置数字1（已放置顺序: 2,1）
2026-08-23 01:54:56 第1轮 第1遍 第3个 放置数字3（已放置顺序: 2,1,3）
2026-08-23 01:54:56 第1轮 第1遍 托盘阶段：倒序抓取=3,1,2，对应托盘=3,1,2
2026-08-23 01:54:58 第1轮 第1遍 托盘阶段 目标托盘=3 颜色=3
2026-08-23 01:54:58 第1轮 第1遍 完成 期望顺序=1,2,3 实际顺序=2,1,3
2026-08-23 02:04:17 第1轮 第1遍 第1个 放置数字2（已放置顺序: 2）
2026-08-23 02:06:24 第1轮 第1遍 第1个 放置数字2（已放置顺序: 2）
2026-08-23 02:06:49 第1轮 第1遍 第2个 放置数字1（已放置顺序: 2,1）
2026-08-23 02:07:06 第1轮 第1遍 第3个 放置数字3（已放置顺序: 2,1,3）
2026-08-23 02:07:06 第1轮 第1遍 托盘计划：倒序抓取=3,1,2，对应颜色=3,2,1
2026-08-23 02:07:06 第1轮 第1遍 托盘阶段：倒序抓取=3,1,2，对应托盘=3,1,2
2026-08-23 02:07:07 第1轮 第1遍 托盘阶段 当前抓取对象: 托盘3 颜色=3
2026-08-23 02:07:08 第1轮 第1遍 完成 期望顺序=1,2,3 实际顺序=2,1,3
2026-08-23 02:19:37 第1轮 第1遍 第1个 放置数字2（已放置顺序: 2）
2026-08-23 02:19:52 第1轮 第1遍 第2个 放置数字1（已放置顺序: 2,1）
2026-08-23 02:20:16 第1轮 第1遍 第3个 放置数字3（已放置顺序: 2,1,3）
2026-08-23 02:20:16 第1轮 第1遍 托盘计划：倒序抓取=3,1,2，对应颜色=3,2,1
2026-08-23 02:20:16 第1轮 第1遍 托盘阶段：倒序抓取=3,1,2，对应托盘=3,1,2
2026-08-23 02:20:17 第1轮 第1遍 托盘阶段 当前抓取对象: 托盘3 颜色=3
2026-08-23 02:20:34 第1轮 第1遍 托盘阶段 当前抓取对象: 托盘1 颜色=2
2026-08-23 02:27:28 第1轮 第1遍 第1个 放置数字2（已放置顺序: 2）
2026-08-23 02:27:51 第1轮 第1遍 第2个 放置数字1（已放置顺序: 2,1）
2026-08-23 02:28:08 第1轮 第1遍 第3个 放置数字3（已放置顺序: 2,1,3）
2026-08-23 02:28:08 第1轮 第1遍 托盘计划：倒序抓取=3,1,2，对应颜色=3,2,1
2026-08-23 02:28:08 第1轮 第1遍 托盘阶段：倒序抓取=3,1,2，对应托盘=3,1,2
2026-08-23 02:28:09 第1轮 第1遍 托盘阶段 当前抓取对象: 托盘3 颜色=3
2026-08-23 02:39:56 第1轮 第1遍 第1个 放置数字2（已放置顺序: 2）
2026-08-23 02:40:11 第1轮 第1遍 第2个 放置数字1（已放置顺序: 2,1）
2026-08-23 02:40:34 第1轮 第1遍 第3个 放置数字3（已放置顺序: 2,1,3）
2026-08-23 02:40:34 第1轮 第1遍 托盘计划：倒序抓取=3,1,2，对应颜色=3,2,1
2026-08-23 02:40:34 第1轮 第1遍 托盘阶段：倒序抓取=3,1,2，对应托盘=3,1,2
2026-08-23 02:40:35 第1轮 第1遍 托盘阶段 当前抓取对象: 托盘3 颜色=3
2026-08-23 02:40:52 第1轮 第1遍 托盘阶段 当前抓取对象: 托盘1 颜色=2
2026-08-23 02:43:47 第1轮 第1遍 第1个 放置数字2（已放置顺序: 2）
2026-08-23 02:44:09 第1轮 第1遍 第2个 放置数字1（已放置顺序: 2,1）
2026-08-23 02:44:25 第1轮 第1遍 第3个 放置数字3（已放置顺序: 2,1,3）
2026-08-23 02:44:25 第1轮 第1遍 托盘计划：倒序抓取=3,1,2，对应颜色=3,2,1
2026-08-23 02:44:25 第1轮 第1遍 托盘阶段：倒序抓取=3,1,2，对应托盘=3,1,2
2026-08-23 02:44:26 第1轮 第1遍 托盘阶段 当前抓取对象: 托盘3 颜色=3
2026-08-23 02:44:43 第1轮 第1遍 托盘阶段 当前抓取对象: 托盘1 颜色=2
2026-08-23 03:07:59 第1轮 第1遍 第1个 放置数字3（已放置顺序: 3）
2026-08-23 03:08:58 第1轮 第1遍 第1个 放置数字3（已放置顺序: 3）
2026-08-23 03:09:16 第1轮 第1遍 第2个 放置数字2（已放置顺序: 3,2）
2026-08-23 03:09:31 第1轮 第1遍 第3个 放置数字1（已放置顺序: 3,2,1）
2026-08-23 03:09:31 第1轮 第1遍 托盘计划：倒序抓取=1,2,3，对应颜色=2,1,3
2026-08-23 03:09:31 第1轮 第1遍 托盘阶段：倒序抓取=1,2,3，对应托盘=1,2,3
2026-08-23 03:09:33 第1轮 第1遍 托盘阶段 当前抓取对象: 托盘1 颜色=2
2026-08-23 03:09:49 第1轮 第1遍 托盘阶段 当前抓取对象: 托盘2 颜色=1
2026-08-23 03:10:06 第1轮 第1遍 托盘阶段 当前抓取对象: 托盘3 颜色=3
2026-08-23 03:18:26 第1轮 第1遍 第1个 放置数字2（已放置顺序: 2）
2026-08-23 03:18:40 第1轮 第1遍 第2个 放置数字1（已放置顺序: 2,1）
2026-08-23 03:18:57 第1轮 第1遍 第3个 放置数字3（已放置顺序: 2,1,3）
2026-08-23 03:18:57 第1轮 第1遍 托盘计划：倒序抓取=3,1,2，对应颜色=3,2,1
2026-08-23 03:18:57 第1轮 第1遍 托盘阶段：倒序抓取=3,1,2，对应托盘=3,1,2
2026-08-23 03:18:58 第1轮 第1遍 托盘阶段 当前抓取对象: 托盘3 颜色=3
2026-08-23 03:19:15 第1轮 第1遍 托盘阶段 当前抓取对象: 托盘1 颜色=2
2026-08-23 03:39:39 第1轮 第1遍 第1个 放置数字2（已放置顺序: 2）
2026-08-23 03:39:55 第1轮 第1遍 第2个 放置数字3（已放置顺序: 2,3）
2026-08-23 03:40:41 第1轮 第1遍 第3个 放置数字1（已放置顺序: 2,3,1）
2026-08-23 03:40:41 第1轮 第1遍 托盘计划：倒序抓取=1,3,2，对应颜色=2,3,1
2026-08-23 03:40:41 第1轮 第1遍 托盘阶段：倒序抓取=1,3,2，对应托盘=1,3,2
2026-08-23 03:40:42 第1轮 第1遍 托盘阶段 当前抓取对象: 托盘1 颜色=2
2026-08-23 03:40:58 第1轮 第1遍 托盘阶段 当前抓取对象: 托盘3 颜色=3
2026-08-23 03:41:24 第1轮 第1遍 托盘阶段 当前抓取对象: 托盘2 颜色=1
2026-08-23 03:41:41 第1轮 第1遍 完成 期望顺序=1,2,3 实际顺序=2,3,1
2026-08-26 16:31:49 第1轮 第1遍 第1个 放置数字2（已放置顺序: 2）
2026-08-26 16:54:06 第1轮 第1遍 第1个 放置数字3（已放置顺序: 3）
2026-08-26 17:02:36 第1轮 第1遍 第1个 放置数字3（已放置顺序: 3）
2026-08-26 17:03:03 第1轮 第1遍 第2个 放置数字2（已放置顺序: 3,2）
2026-08-26 20:10:12 第1轮 第1遍 第1个 放置数字2（已放置顺序: 2）
2026-08-26 20:10:31 第1轮 第1遍 第2个 放置数字1（已放置顺序: 2,1）
2026-08-26 20:22:05 第1轮 第1遍 第1个 放置数字2（已放置顺序: 2）
2026-08-26 20:22:25 第1轮 第1遍 第2个 放置数字1（已放置顺序: 2,1）
2026-08-26 20:23:49 第1轮 第1遍 第1个 放置数字2（已放置顺序: 2）
2026-08-26 20:24:10 第1轮 第1遍 第2个 放置数字1（已放置顺序: 2,1）
2026-08-26 21:19:21 第1轮 第1遍 第1个 放置数字2（已放置顺序: 2）
2026-08-26 21:19:40 第1轮 第1遍 第2个 放置数字1（已放置顺序: 2,1）
2026-08-26 21:20:01 第1轮 第1遍 第3个 放置数字3（已放置顺序: 2,1,3）
2026-08-26 21:20:01 第1轮 第1遍 托盘计划：倒序抓取=3,1,2，对应颜色=4,3,5
2026-08-26 21:20:01 第1轮 第1遍 托盘阶段：倒序抓取=3,1,2，对应托盘=3,1,2
2026-08-26 21:21:54 第1轮 第1遍 第1个 放置数字2（已放置顺序: 2）
2026-08-26 21:22:13 第1轮 第1遍 第2个 放置数字1（已放置顺序: 2,1）
2026-08-26 21:22:32 第1轮 第1遍 第3个 放置数字3（已放置顺序: 2,1,3）
2026-08-26 21:22:32 第1轮 第1遍 托盘计划：倒序抓取=3,1,2，对应颜色=4,3,5
2026-08-26 21:22:32 第1轮 第1遍 托盘阶段：倒序抓取=3,1,2，对应托盘=3,1,2
2026-08-26 22:39:06 第1轮 第1遍 第1个 放置数字2（已放置顺序: 2）
2026-08-26 22:39:25 第1轮 第1遍 第2个 放置数字1（已放置顺序: 2,1）
2026-08-26 22:39:44 第1轮 第1遍 第3个 放置数字3（已放置顺序: 2,1,3）
2026-08-26 22:39:44 第1轮 第1遍 托盘计划：倒序抓取=3,1,2，对应颜色=1,2,6
2026-08-26 22:39:44 第1轮 第1遍 托盘阶段：倒序抓取=3,1,2，对应托盘=3,1,2
2026-08-26 22:47:18 第1轮 第1遍 第1个 放置数字2（已放置顺序: 2）
2026-08-26 22:47:36 第1轮 第1遍 第2个 放置数字1（已放置顺序: 2,1）
2026-08-26 22:48:05 第1轮 第1遍 第3个 放置数字3（已放置顺序: 2,1,3）
2026-08-26 22:48:05 第1轮 第1遍 托盘计划：倒序抓取=3,1,2，对应颜色=1,2,6
2026-08-26 22:48:05 第1轮 第1遍 托盘阶段：倒序抓取=3,1,2，对应托盘=3,1,2
2026-08-26 22:59:21 第1轮 第1遍 第1个 放置数字2（已放置顺序: 2）
2026-08-26 22:59:48 第1轮 第1遍 第2个 放置数字1（已放置顺序: 2,1）
2026-08-26 23:00:23 第1轮 第1遍 第3个 放置数字3（已放置顺序: 2,1,3）
2026-08-26 23:00:23 第1轮 第1遍 托盘计划：倒序抓取=3,1,2，对应颜色=1,2,6
2026-08-26 23:00:23 第1轮 第1遍 托盘阶段：倒序抓取=3,1,2，对应托盘=3,1,2
2026-08-26 23:20:16 第1轮 第1遍 第1个 放置数字2（已放置顺序: 2）
2026-08-26 23:20:33 第1轮 第1遍 第2个 放置数字1（已放置顺序: 2,1）
2026-08-26 23:20:50 第1轮 第1遍 第3个 放置数字3（已放置顺序: 2,1,3）
2026-08-26 23:20:50 第1轮 第1遍 托盘计划：倒序抓取=3,1,2，对应颜色=1,2,6
2026-08-26 23:20:50 第1轮 第1遍 托盘阶段：倒序抓取=3,1,2，对应托盘=3,1,2
2026-08-26 23:20:50 第1轮 第1遍 托盘阶段 当前抓取对象: 托盘3 颜色=1
2026-08-26 23:38:42 第1轮 第1遍 第1个 放置数字2（已放置顺序: 2）
2026-08-26 23:38:57 第1轮 第1遍 第2个 放置数字1（已放置顺序: 2,1）
2026-08-26 23:39:20 第1轮 第1遍 第3个 放置数字3（已放置顺序: 2,1,3）
2026-08-26 23:39:20 第1轮 第1遍 托盘计划：倒序抓取=3,1,2，对应颜色=1,2,6
2026-08-26 23:39:20 第1轮 第1遍 托盘阶段：倒序抓取=3,1,2，对应托盘=3,1,2
2026-08-26 23:39:20 第1轮 第1遍 托盘阶段 当前抓取对象: 托盘3 颜色=1
2026-08-26 23:42:08 第1轮 第1遍 第1个 放置数字2（已放置顺序: 2）
2026-08-26 23:42:38 第1轮 第1遍 第2个 放置数字1（已放置顺序: 2,1）
2026-08-26 23:43:04 第1轮 第1遍 第3个 放置数字3（已放置顺序: 2,1,3）
2026-08-26 23:43:04 第1轮 第1遍 托盘计划：倒序抓取=3,1,2，对应颜色=1,2,6
2026-08-26 23:43:04 第1轮 第1遍 托盘阶段：倒序抓取=3,1,2，对应托盘=3,1,2
2026-08-26 23:43:04 第1轮 第1遍 托盘阶段 当前抓取对象: 托盘3 颜色=1
2026-08-26 23:43:24 第1轮 第1遍 托盘阶段 当前抓取对象: 托盘1 颜色=2
2026-08-26 23:43:43 第1轮 第1遍 托盘阶段 当前抓取对象: 托盘2 颜色=6
2026-08-26 23:43:59 第1轮 第1遍 完成 期望顺序=1,3,2 实际顺序=2,1,3
2026-08-27 00:01:59 第1轮 第1遍 第1个 放置数字2（已放置顺序: 2）
2026-08-27 00:02:15 第1轮 第1遍 第2个 放置数字1（已放置顺序: 2,1）
2026-08-27 00:02:33 第1轮 第1遍 第3个 放置数字3（已放置顺序: 2,1,3）
2026-08-27 00:02:33 第1轮 第1遍 托盘计划：倒序抓取=3,1,2，对应颜色=1,2,6
2026-08-27 00:02:33 第1轮 第1遍 托盘阶段：倒序抓取=3,1,2，对应托盘=3,1,2
2026-08-27 00:02:33 第1轮 第1遍 托盘阶段 当前抓取对象: 托盘3 颜色=1 目标槽位=2
2026-08-27 00:02:54 第1轮 第1遍 托盘阶段 当前抓取对象: 托盘1 颜色=2 目标槽位=1
2026-08-27 00:03:13 第1轮 第1遍 托盘阶段 当前抓取对象: 托盘2 颜色=6 目标槽位=3
2026-08-27 00:03:30 第1轮 第1遍 完成 期望顺序=1,3,2 实际顺序=2,1,3
2026-08-27 00:24:45 第1轮 第1遍 第1个 放置数字2（已放置顺序: 2）
2026-08-27 01:29:09 第1轮 第1遍 第1个 放置数字2（已放置顺序: 2）
2026-08-27 01:29:48 第1轮 第1遍 第2个 放置数字1（已放置顺序: 2,1）
2026-08-27 01:30:08 第1轮 第1遍 第3个 放置数字3（已放置顺序: 2,1,3）
2026-08-27 01:30:08 第1轮 第1遍 托盘计划：倒序抓取=3,1,2，对应颜色=4,3,5
2026-08-27 01:30:08 第1轮 第1遍 托盘阶段：倒序抓取=3,1,2，对应托盘=3,1,2
2026-08-27 01:30:08 第1轮 第1遍 托盘阶段 当前抓取对象: 托盘3 颜色=4 目标槽位=2
2026-08-27 01:30:31 第1轮 第1遍 托盘阶段 当前抓取对象: 托盘1 颜色=3 目标槽位=1
2026-08-27 01:30:51 第1轮 第1遍 托盘阶段 当前抓取对象: 托盘2 颜色=5 目标槽位=3
2026-08-27 01:31:10 第1轮 第1遍 完成 期望顺序=1,3,2 实际顺序=2,1,3
2026-08-28 01:28:31 第1轮 第1遍 第1个 放置数字2（已放置顺序: 2）
2026-08-28 01:28:52 第1轮 第1遍 第2个 放置数字1（已放置顺序: 2,1）
2026-08-28 01:29:15 第1轮 第1遍 第3个 放置数字3（已放置顺序: 2,1,3）
2026-08-28 01:29:15 第1轮 第1遍 托盘计划：倒序抓取=3,1,2，对应颜色=4,3,5
2026-08-28 01:29:15 第1轮 第1遍 托盘阶段：倒序抓取=3,1,2，对应托盘=3,1,2
2026-08-28 01:29:15 第1轮 第1遍 托盘阶段 当前抓取对象: 托盘3 颜色=4 目标槽位=2
2026-08-28 01:29:40 第1轮 第1遍 托盘阶段 当前抓取对象: 托盘1 颜色=3 目标槽位=1
2026-08-28 01:30:04 第1轮 第1遍 托盘阶段 当前抓取对象: 托盘2 颜色=5 目标槽位=3
2026-08-28 01:30:58 第1轮 第1遍 完成 期望顺序=1,3,2 实际顺序=2,1,3
2026-08-28 02:49:55 第1轮 第1遍 第1个 放置数字3（已放置顺序: 3）
2026-08-28 02:55:44 第1轮 第1遍 第1个 放置数字2（已放置顺序: 2）
2026-08-28 17:30:24 第1轮 第1遍 第1个 放置数字2（已放置顺序: 2）
2026-08-28 17:36:04 第1轮 第1遍 第1个 放置数字3（已放置顺序: 3）
2026-08-28 17:36:21 第1轮 第1遍 第2个 放置数字2（已放置顺序: 3,2）
2026-08-28 17:36:38 第1轮 第1遍 第3个 放置数字1（已放置顺序: 3,2,1）
2026-08-28 17:36:38 第1轮 第1遍 托盘计划：倒序抓取=1,2,3，对应颜色=3,5,4
2026-08-28 17:36:38 第1轮 第1遍 托盘阶段：倒序抓取=1,2,3，对应托盘=1,2,3
2026-08-28 17:36:38 第1轮 第1遍 托盘阶段 当前抓取对象: 托盘1 颜色=3 目标槽位=1
2026-08-28 17:36:58 第1轮 第1遍 托盘阶段 当前抓取对象: 托盘2 颜色=5 目标槽位=3
2026-08-28 17:37:18 第1轮 第1遍 托盘阶段 当前抓取对象: 托盘3 颜色=4 目标槽位=2
2026-08-28 17:37:38 第1轮 第1遍 完成 期望顺序=1,3,2 实际顺序=3,2,1
2026-08-28 19:02:08 第1轮 第1遍 第1个 放置数字2（已放置顺序: 2）
2026-08-28 20:09:54 第1轮 第1遍 第1个 放置数字2（已放置顺序: 2）
2026-08-28 20:32:07 第1轮 第1遍 第1个 放置数字2（已放置顺序: 2）
2026-08-28 20:39:03 第1轮 第1遍 第1个 放置数字2（已放置顺序: 2）
2026-08-28 20:39:41 第1轮 第1遍 第2个 放置数字1（已放置顺序: 2,1）
2026-08-28 21:03:35 第1轮 第1遍 第1个 放置数字3（已放置顺序: 3）
2026-08-28 21:31:20 第1轮 第1遍 第1个 放置数字3（已放置顺序: 3）
2026-08-28 21:31:39 第1轮 第1遍 第2个 放置数字2（已放置顺序: 3,2）
2026-08-28 21:31:56 第1轮 第1遍 第3个 放置数字1（已放置顺序: 3,2,1）
2026-08-28 21:31:56 第1轮 第1遍 托盘计划：倒序抓取=1,2,3，对应颜色=3,5,4
2026-08-28 21:31:56 第1轮 第1遍 托盘阶段：倒序抓取=1,2,3，对应托盘=1,2,3
2026-08-28 21:31:56 第1轮 第1遍 托盘阶段 当前抓取对象: 托盘1 颜色=3 目标槽位=1
2026-08-28 22:36:11 第1轮 第1遍 第1个 放置数字2（已放置顺序: 2）
2026-08-28 22:36:42 第1轮 第1遍 第2个 放置数字1（已放置顺序: 2,1）
2026-08-28 22:53:42 第1轮 第1遍 第1个 放置数字2（已放置顺序: 2）
2026-08-28 22:54:02 第1轮 第1遍 第2个 放置数字1（已放置顺序: 2,1）
2026-08-28 23:12:51 第1轮 第1遍 第1个 放置数字2（已放置顺序: 2）
2026-08-28 23:13:13 第1轮 第1遍 第2个 放置数字1（已放置顺序: 2,1）
2026-08-28 23:24:02 第1轮 第1遍 第1个 放置数字2（已放置顺序: 2）
2026-08-28 23:24:20 第1轮 第1遍 第2个 放置数字1（已放置顺序: 2,1）
2026-08-28 23:38:39 第1轮 第1遍 第1个 放置数字2（已放置顺序: 2）
2026-08-28 23:38:59 第1轮 第1遍 第2个 放置数字1（已放置顺序: 2,1）
2026-08-28 23:46:31 第1轮 第1遍 第1个 放置数字2（已放置顺序: 2）
2026-08-28 23:46:51 第1轮 第1遍 第2个 放置数字1（已放置顺序: 2,1）
2026-08-28 23:47:13 第1轮 第1遍 第3个 放置数字3（已放置顺序: 2,1,3）
2026-08-28 23:47:13 第1轮 第1遍 托盘计划：倒序抓取=3,1,2，对应颜色=4,3,5
2026-08-28 23:47:13 第1轮 第1遍 托盘阶段：倒序抓取=3,1,2，对应托盘=3,1,2
2026-08-28 23:47:13 第1轮 第1遍 托盘阶段 当前抓取对象: 托盘3 颜色=4 目标槽位=2
2026-08-28 23:47:36 第1轮 第1遍 托盘阶段 当前抓取对象: 托盘1 颜色=3 目标槽位=1
2026-08-28 23:47:58 第1轮 第1遍 托盘阶段 当前抓取对象: 托盘2 颜色=5 目标槽位=3
2026-08-29 00:04:20 第1轮 第1遍 第1个 放置数字2（已放置顺序: 2）
2026-08-29 00:04:39 第1轮 第1遍 第2个 放置数字1（已放置顺序: 2,1）
2026-08-29 00:37:14 第1轮 第1遍 第1个 放置数字2（已放置顺序: 2）
2026-08-29 00:37:33 第1轮 第1遍 第2个 放置数字1（已放置顺序: 2,1）
2026-08-29 00:37:55 第1轮 第1遍 第3个 放置数字3（已放置顺序: 2,1,3）
2026-08-29 00:37:55 第1轮 第1遍 托盘计划：倒序抓取=3,1,2，对应颜色=4,3,5
2026-08-29 00:37:55 第1轮 第1遍 托盘阶段：倒序抓取=3,1,2，对应托盘=3,1,2
2026-08-29 00:37:55 第1轮 第1遍 托盘阶段 当前抓取对象: 托盘3 颜色=4 目标槽位=2
2026-08-29 00:38:18 第1轮 第1遍 托盘阶段 当前抓取对象: 托盘1 颜色=3 目标槽位=1
2026-08-29 00:38:39 第1轮 第1遍 托盘阶段 当前抓取对象: 托盘2 颜色=5 目标槽位=3
2026-08-29 00:38:59 第1轮 第1遍 完成 期望顺序=1,3,2 实际顺序=2,1,3
2026-08-29 00:45:38 第1轮 第1遍 第1个 放置数字2（已放置顺序: 2）
2026-08-29 00:45:57 第1轮 第1遍 第2个 放置数字1（已放置顺序: 2,1）
2026-08-29 00:46:19 第1轮 第1遍 第3个 放置数字3（已放置顺序: 2,1,3）
2026-08-29 00:46:19 第1轮 第1遍 托盘计划：倒序抓取=3,1,2，对应颜色=4,3,5
2026-08-29 00:46:19 第1轮 第1遍 托盘阶段：倒序抓取=3,1,2，对应托盘=3,1,2
2026-08-29 00:46:19 第1轮 第1遍 托盘阶段 当前抓取对象: 托盘3 颜色=4 目标槽位=2
2026-08-29 00:46:42 第1轮 第1遍 托盘阶段 当前抓取对象: 托盘1 颜色=3 目标槽位=1
2026-08-29 00:47:03 第1轮 第1遍 托盘阶段 当前抓取对象: 托盘2 颜色=5 目标槽位=3
2026-08-29 00:47:21 第1轮 第1遍 完成 期望顺序=1,3,2 实际顺序=2,1,3
2026-08-29 01:04:21 第1轮 第1遍 第1个 放置数字2（已放置顺序: 2）
2026-08-29 01:04:39 第1轮 第1遍 第2个 放置数字1（已放置顺序: 2,1）
2026-08-29 01:05:01 第1轮 第1遍 第3个 放置数字3（已放置顺序: 2,1,3）
2026-08-29 01:05:01 第1轮 第1遍 托盘计划：倒序抓取=3,1,2，对应颜色=4,3,5
2026-08-29 01:05:01 第1轮 第1遍 托盘阶段：倒序抓取=3,1,2，对应托盘=3,1,2
2026-08-29 01:05:01 第1轮 第1遍 托盘阶段 当前抓取对象: 托盘3 颜色=4 目标槽位=2
2026-08-29 01:05:24 第1轮 第1遍 托盘阶段 当前抓取对象: 托盘1 颜色=3 目标槽位=1
2026-08-29 01:05:43 第1轮 第1遍 托盘阶段 当前抓取对象: 托盘2 颜色=5 目标槽位=3
2026-08-29 01:06:03 第1轮 第1遍 完成 期望顺序=1,3,2 实际顺序=2,1,3
2026-08-29 01:15:23 第1轮 第1遍 第1个 放置数字2（已放置顺序: 2）
2026-08-29 01:15:42 第1轮 第1遍 第2个 放置数字1（已放置顺序: 2,1）
2026-08-29 01:16:03 第1轮 第1遍 第3个 放置数字3（已放置顺序: 2,1,3）
2026-08-29 01:16:03 第1轮 第1遍 托盘计划：倒序抓取=3,1,2，对应颜色=4,3,5
2026-08-29 01:16:03 第1轮 第1遍 托盘阶段：倒序抓取=3,1,2，对应托盘=3,1,2
2026-08-29 01:16:03 第1轮 第1遍 托盘阶段 当前抓取对象: 托盘3 颜色=4 目标槽位=2
2026-08-29 01:16:27 第1轮 第1遍 托盘阶段 当前抓取对象: 托盘1 颜色=3 目标槽位=1
2026-08-29 01:16:46 第1轮 第1遍 托盘阶段 当前抓取对象: 托盘2 颜色=5 目标槽位=3
2026-08-29 02:04:48 第1轮 第1遍 第1个 放置数字2（已放置顺序: 2）
2026-08-29 02:05:07 第1轮 第1遍 第2个 放置数字1（已放置顺序: 2,1）
2026-08-29 02:05:29 第1轮 第1遍 第3个 放置数字3（已放置顺序: 2,1,3）
2026-08-29 02:05:29 第1轮 第1遍 托盘计划：倒序抓取=3,1,2，对应颜色=4,3,5
2026-08-29 02:05:29 第1轮 第1遍 托盘阶段：倒序抓取=3,1,2，对应托盘=3,1,2
2026-08-29 02:05:29 第1轮 第1遍 托盘阶段 当前抓取对象: 托盘3 颜色=4 目标槽位=2
2026-08-29 02:05:52 第1轮 第1遍 托盘阶段 当前抓取对象: 托盘1 颜色=3 目标槽位=1
2026-08-29 02:06:11 第1轮 第1遍 托盘阶段 当前抓取对象: 托盘2 颜色=5 目标槽位=3
2026-08-29 02:58:26 第1轮 第1遍 第1个 放置数字2（已放置顺序: 2）
2026-08-29 02:58:45 第1轮 第1遍 第2个 放置数字1（已放置顺序: 2,1）
2026-08-29 02:59:05 第1轮 第1遍 第3个 放置数字3（已放置顺序: 2,1,3）
2026-08-29 02:59:05 第1轮 第1遍 托盘计划：倒序抓取=3,1,2，对应颜色=4,3,5
2026-08-29 02:59:05 第1轮 第1遍 托盘阶段：倒序抓取=3,1,2，对应托盘=3,1,2
2026-08-29 02:59:05 第1轮 第1遍 托盘阶段 当前抓取对象: 托盘3 颜色=4 目标槽位=2
2026-08-29 02:59:28 第1轮 第1遍 托盘阶段 当前抓取对象: 托盘1 颜色=3 目标槽位=1
2026-08-29 02:59:48 第1轮 第1遍 托盘阶段 当前抓取对象: 托盘2 颜色=5 目标槽位=3
2026-08-29 03:05:29 第1轮 第1遍 第1个 放置数字2（已放置顺序: 2）
2026-08-29 03:05:48 第1轮 第1遍 第2个 放置数字1（已放置顺序: 2,1）
2026-08-29 03:06:08 第1轮 第1遍 第3个 放置数字3（已放置顺序: 2,1,3）
2026-08-29 03:06:08 第1轮 第1遍 托盘计划：倒序抓取=3,1,2，对应颜色=4,3,5
2026-08-29 03:06:08 第1轮 第1遍 托盘阶段：倒序抓取=3,1,2，对应托盘=3,1,2
2026-08-29 03:06:08 第1轮 第1遍 托盘阶段 当前抓取对象: 托盘3 颜色=4 目标槽位=2
2026-08-29 03:06:32 第1轮 第1遍 托盘阶段 当前抓取对象: 托盘1 颜色=3 目标槽位=1
2026-08-29 03:06:52 第1轮 第1遍 托盘阶段 当前抓取对象: 托盘2 颜色=5 目标槽位=3
2026-08-29 03:07:29 第1轮 第1遍 完成 期望顺序=1,3,2 实际顺序=2,1,3
2026-08-29 03:20:46 第1轮 第1遍 第1个 放置数字2（已放置顺序: 2）
2026-08-29 03:21:05 第1轮 第1遍 第2个 放置数字1（已放置顺序: 2,1）
2026-08-29 03:21:26 第1轮 第1遍 第3个 放置数字3（已放置顺序: 2,1,3）
2026-08-29 03:21:26 第1轮 第1遍 托盘计划：倒序抓取=3,1,2，对应颜色=4,3,5
2026-08-29 03:21:26 第1轮 第1遍 托盘阶段：倒序抓取=3,1,2，对应托盘=3,1,2
2026-08-29 03:21:26 第1轮 第1遍 托盘阶段 当前抓取对象: 托盘3 颜色=4 目标槽位=2
2026-08-29 03:21:49 第1轮 第1遍 托盘阶段 当前抓取对象: 托盘1 颜色=3 目标槽位=1
2026-08-29 03:22:08 第1轮 第1遍 托盘阶段 当前抓取对象: 托盘2 颜色=5 目标槽位=3
2026-08-29 03:22:40 第1轮 第1遍 完成 期望顺序=1,3,2 实际顺序=2,1,3
2026-08-29 04:09:41 第1轮 第1遍 第1个 放置数字2（已放置顺序: 2）
2026-08-29 04:10:00 第1轮 第1遍 第2个 放置数字1（已放置顺序: 2,1）
2026-08-29 04:10:21 第1轮 第1遍 第3个 放置数字3（已放置顺序: 2,1,3）
2026-08-29 04:10:21 第1轮 第1遍 托盘计划：倒序抓取=3,1,2，对应颜色=4,3,5
2026-08-29 04:10:21 第1轮 第1遍 托盘阶段：倒序抓取=3,1,2，对应托盘=3,1,2
2026-08-29 04:10:21 第1轮 第1遍 托盘阶段 当前抓取对象: 托盘3 颜色=4 目标槽位=2
2026-08-29 04:10:44 第1轮 第1遍 托盘阶段 当前抓取对象: 托盘1 颜色=3 目标槽位=1
2026-08-29 04:11:04 第1轮 第1遍 托盘阶段 当前抓取对象: 托盘2 颜色=5 目标槽位=3
2026-08-29 04:11:39 第1轮 第1遍 完成 期望顺序=1,3,2 实际顺序=2,1,3
2026-08-29 04:11:59 第1轮 第2遍 第1个 放置数字2（已放置顺序: 2）
2026-08-29 04:12:18 第1轮 第2遍 第2个 放置数字1（已放置顺序: 2,1）
2026-08-29 04:12:39 第1轮 第2遍 第3个 放置数字3（已放置顺序: 2,1,3）
2026-08-29 04:12:39 第1轮 第2遍 完成 期望顺序=1,3,2 实际顺序=2,1,3
